../Core/Src/main.c:117:5:main	16	static
../Core/Src/main.c:270:6:Send_Sensor_Data_Periodic	8	static
../Core/Src/main.c:280:6:Send_Sensor_Data	152	static
../Core/Src/main.c:311:6:SystemClock_Config	88	static
../Core/Src/main.c:357:13:MX_ADC1_Init	24	static
../Core/Src/main.c:409:13:MX_I2C1_Init	8	static
../Core/Src/main.c:443:13:MX_TIM4_Init	48	static
../Core/Src/main.c:558:13:MX_GPIO_Init	48	static
../Core/Src/main.c:607:6:esp_event	192	static
../Core/Src/main.c:804:6:Error_Handler	4	static,ignoring_inline_asm
